// Jest Snapshot v1, https://goo.gl/fbAQLP

exports[`Basics use case 1 1`] = `
"{
        'name': 'Stuff',
        'foo': 'bar'
}
"
`;
